2026-06-04 16:42:02, MOVE, v:1, k:ed@bufferring, mode:PICK
2026-06-04 16:49:04, MOVE, v:1, k:ed@bufferring, mode:EDIT
2026-06-04 16:49:04, MOVE, v:1, k:ed@bufferring, mode:EDIT
2026-06-04 17:15:46, MOVE, v:1, k:ed@bufferring, mode:EDIT
2026-06-04 17:15:46, MOVE, v:1, k:ed@bufferring, mode:EDIT
2026-06-04 17:19:45, MOVE, v:1, k:ed@bufferring, mode:EDIT
2026-06-04 17:19:46, MOVE, v:1, k:ed@bufferring, mode:EDIT
2026-06-04 17:25:13, MOVE, v:1, k:ed@bufferring, mode:EDIT
2026-06-04 17:25:13, MOVE, v:1, k:ed@bufferring, mode:EDIT
2026-06-04 17:30:43, MOVE, v:1, k:ed@bufferring, mode:EDIT
2026-06-04 17:30:43, MOVE, v:1, k:ed@bufferring, mode:EDIT
2026-06-04 17:35:46, EXEC, v:1, k:ed@bufferring, mode:FULL, rate:0, size:186
2026-06-04 17:37:47, EXEC, v:1, k:ed@bufferring, mode:FULL, rate:16, size:188
2026-06-04 17:41:29, MOVE, v:1, k:ed@bufferring, mode:EDIT
2026-06-04 17:41:29, MOVE, v:1, k:ed@bufferring, mode:EDIT
2026-06-04 17:43:00, EXEC, v:1, k:ed@bufferring, mode:FULL, rate:16, size:194
2026-06-04 17:43:22, EXEC, v:1, k:ed@bufferring, mode:FULL, rate:16, size:195
2026-06-04 17:44:23, EXEC, v:1, k:ed@bufferring, mode:FULL, rate:16, size:195
2026-06-04 17:45:03, EXEC, v:1, k:ed@bufferring, mode:FULL, rate:0, size:196
2026-06-04 17:45:29, EXEC, v:1, k:ed@bufferring, mode:FULL, rate:0, size:196
2026-06-04 17:46:12, MOVE, v:1, k:ed@bufferring, mode:EDIT
2026-06-04 17:46:12, MOVE, v:1, k:ed@bufferring, mode:EDIT
2026-06-04 17:46:58, EXEC, v:1, k:ed@bufferring, mode:FULL, rate:0, size:186
2026-06-04 17:47:20, EXEC, v:1, k:ed@bufferring, mode:FULL, rate:0, size:186
2026-06-04 17:47:53, EXEC, v:1, k:ed@bufferring, mode:FULL, rate:0, size:187
2026-06-04 17:49:07, EXEC, v:1, k:ed@bufferring, mode:FULL, rate:0, size:189
2026-06-04 17:50:14, EXEC, v:1, k:ed@bufferring, mode:FULL, rate:0
2026-06-04 17:50:37, EXEC, v:1, k:ed@bufferring, mode:FULL, rate:0, size:190
2026-06-04 17:50:57, EXEC, v:1, k:ed@bufferring, mode:FULL, rate:0, size:190
2026-06-04 17:50:55, MOVE, v:1, k:ed@bufferring, mode:EDIT
2026-06-04 17:50:55, MOVE, v:1, k:ed@bufferring, mode:EDIT
2026-06-04 17:52:40, EXEC, v:1, k:ed@bufferring, mode:FULL, rate:0, size:190
2026-06-04 17:53:42, EXEC, v:1, k:ed@bufferring, mode:FULL, rate:0, size:193
2026-06-04 17:53:58, EXEC, v:1, k:ed@bufferring, mode:FULL, rate:0, size:190
2026-06-04 17:55:37, EXEC, v:1, k:ed@bufferring, mode:FULL, rate:0, size:192
2026-06-04 17:55:40, EXEC, v:1, k:ed@bufferring, mode:FULL, rate:0
2026-06-04 17:56:07, EXEC, v:1, k:ed@bufferring, mode:FULL, rate:0, size:195
2026-06-04 17:56:06, MOVE, v:1, k:ed@bufferring, mode:EDIT
2026-06-04 17:56:06, MOVE, v:1, k:ed@bufferring, mode:EDIT
2026-06-04 17:56:54, EXEC, v:1, k:ed@bufferring, mode:FULL, rate:0, size:196
2026-06-04 17:57:12, EXEC, v:1, k:ed@bufferring, mode:FULL, rate:0, size:196
2026-06-04 17:57:43, EXEC, v:1, k:ed@bufferring, mode:FULL, rate:0, size:196
2026-06-04 17:57:57, EXEC, v:1, k:ed@bufferring, mode:FULL, rate:0, size:196
2026-06-04 17:57:56, MOVE, v:1, k:ed@bufferring, mode:EDIT
2026-06-04 17:57:56, MOVE, v:1, k:ed@bufferring, mode:EDIT
2026-06-04 18:02:58, EXEC, v:1, k:ed@bufferring, mode:FULL, rate:0, size:192
2026-06-04 18:03:28, EXEC, v:1, k:ed@bufferring, mode:FULL, rate:0, size:193
2026-06-04 18:03:53, EXEC, v:1, k:ed@bufferring, mode:FULL, rate:0, size:194
2026-06-04 18:04:14, EXEC, v:1, k:ed@bufferring, mode:FULL, rate:0, size:194
2026-06-04 18:04:40, EXEC, v:1, k:ed@bufferring, mode:FULL, rate:33, size:193
2026-06-04 18:04:38, MOVE, v:1, k:ed@bufferring, mode:EDIT
2026-06-04 18:04:38, MOVE, v:1, k:ed@bufferring, mode:EDIT
2026-06-04 18:10:01, EXEC, v:1, k:ed@bufferring, mode:FULL, rate:33, size:192
2026-06-04 18:09:59, MOVE, v:1, k:ed@bufferring, mode:EDIT
2026-06-04 18:09:59, MOVE, v:1, k:ed@bufferring, mode:EDIT
2026-06-04 18:11:41, EXEC, v:1, k:ed@bufferring, mode:FULL, rate:16, size:193
2026-06-04 18:12:24, EXEC, v:1, k:ed@bufferring, mode:FULL, rate:16, size:194
2026-06-04 18:13:24, EXEC, v:1, k:ed@bufferring, mode:FULL, rate:33, size:194
2026-06-04 18:13:44, EXEC, v:1, k:ed@bufferring, mode:FULL, rate:33, size:193
2026-06-04 18:15:10, EXEC, v:1, k:ed@bufferring, mode:FULL, rate:33, size:197
2026-06-04 18:15:24, EXEC, v:1, k:ed@bufferring, mode:FULL, rate:33, size:197
2026-06-04 18:15:48, EXEC, v:1, k:ed@bufferring, mode:FULL, rate:50, size:198
2026-06-04 18:15:46, MOVE, v:1, k:ed@bufferring, mode:EDIT
2026-06-04 18:15:46, MOVE, v:1, k:ed@bufferring, mode:EDIT
2026-06-04 18:19:39, EXEC, v:1, k:ed@bufferring, mode:FREE
2026-06-04 18:20:49, EXEC, v:1, k:ed@bufferring, mode:FREE
2026-06-04 18:21:12, EXEC, v:1, k:ed@bufferring, mode:FREE
2026-06-04 18:21:26, EXEC, v:1, k:ed@bufferring, mode:FULL, rate:50, size:198
2026-06-04 18:21:08, MOVE, v:1, k:ed@bufferring, mode:EDIT
2026-06-04 18:21:08, MOVE, v:1, k:ed@bufferring, mode:EDIT
2026-06-04 18:22:11, EXEC, v:1, k:ed@bufferring, mode:FULL, rate:66, size:198
2026-06-04 18:22:55, EXEC, v:1, k:ed@bufferring, mode:FULL, rate:100, size:198
2026-06-04 18:22:59, MOVE, v:1, k:ed@bufferring, mode:BACK
2026-06-04 18:26:27, SELF, v:1, k:ed@bufferring, self:1, rate:100, study:70
2026-06-04 18:22:52, MOVE, v:1, k:ed@bufferring, mode:EDIT
2026-06-04 18:22:52, MOVE, v:1, k:ed@bufferring, mode:EDIT
