2026-04-28 10:09:38, MOVE, v:1, k:ed@bettersearch, mode:PICK
2026-04-28 10:09:42, EXEC, v:1, k:ed@bettersearch, mode:FULL, rate:9, size:57
2026-04-28 10:10:04, EXEC, v:1, k:src@go, mode:FREE, size:57
2026-04-28 10:11:01, MOVE, v:1, k:ed@bettersearch, mode:BACK
2026-04-28 10:11:04, MOVE, v:1, k:ed@bettersearch, mode:PICK
2026-04-28 10:11:08, EXEC, v:1, k:ed@bettersearch, mode:FULL, rate:9
2026-04-28 10:12:27, EXEC, v:1, k:src@go, mode:FREE, size:57
2026-04-28 10:12:24, MOVE, v:1, k:ed@bettersearch, mode:EDIT
2026-04-28 10:12:24, MOVE, v:1, k:ed@bettersearch, mode:EDIT
2026-04-28 10:15:34, MOVE, v:1, k:ed@bettersearch, mode:EDIT
2026-04-28 10:15:34, MOVE, v:1, k:ed@bettersearch, mode:EDIT
2026-04-28 10:22:37, MOVE, v:1, k:ed@bettersearch, mode:EDIT
2026-04-28 10:22:37, MOVE, v:1, k:ed@bettersearch, mode:EDIT
2026-04-28 10:32:38, EXEC, v:1, k:src@go, mode:FREE, size:52
2026-04-28 10:32:47, EXEC, v:1, k:ed@bettersearch, mode:FULL, rate:0, size:52
2026-04-28 10:33:45, EXEC, v:1, k:src@go, mode:FREE, size:56
2026-04-28 10:33:54, EXEC, v:1, k:ed@bettersearch, mode:FULL, rate:45, size:56
2026-04-28 10:33:43, MOVE, v:1, k:ed@bettersearch, mode:EDIT
2026-04-28 10:33:43, MOVE, v:1, k:ed@bettersearch, mode:EDIT
2026-04-28 10:35:06, EXEC, v:1, k:ed@bettersearch, mode:FULL, rate:45, size:56
2026-04-28 10:35:17, EXEC, v:1, k:ed@bettersearch, mode:FULL, rate:36, size:56
2026-04-28 10:35:27, EXEC, v:1, k:ed@bettersearch, mode:FULL, rate:45, size:56
2026-04-28 10:35:45, EXEC, v:1, k:ed@bettersearch, mode:FULL, rate:45, size:56
2026-04-28 10:36:02, EXEC, v:1, k:ed@bettersearch, mode:FULL, rate:0, size:56
2026-04-28 10:36:09, EXEC, v:1, k:ed@bettersearch, mode:FULL, rate:36, size:56
2026-04-28 10:36:38, EXEC, v:1, k:ed@bettersearch, mode:FULL, rate:36, size:56
2026-04-28 10:36:48, EXEC, v:1, k:ed@bettersearch, mode:FULL, rate:45, size:56
2026-04-28 10:36:47, MOVE, v:1, k:ed@bettersearch, mode:EDIT
2026-04-28 10:36:47, MOVE, v:1, k:ed@bettersearch, mode:EDIT
2026-04-28 10:41:56, MOVE, v:1, k:ed@bettersearch, mode:BACK
2026-04-28 10:42:08, MOVE, v:1, k:sandbox@user_002, mode:PICK
2026-04-28 10:41:54, MOVE, v:1, k:ed@bettersearch, mode:EDIT
2026-04-28 10:41:54, MOVE, v:1, k:ed@bettersearch, mode:EDIT
2026-04-28 10:42:07, MOVE, v:1, k:sandbox@user_002, mode:EDIT
2026-04-28 10:46:39, MOVE, v:1, k:sandbox@user_002, mode:EDIT
2026-04-28 10:46:39, MOVE, v:1, k:sandbox@user_002, mode:EDIT
2026-04-28 10:49:44, MOVE, v:1, k:sandbox@user_002, mode:EDIT
2026-04-28 10:49:44, MOVE, v:1, k:sandbox@user_002, mode:EDIT
2026-04-28 10:56:06, MOVE, v:1, k:sandbox@user_002, mode:EDIT
2026-04-28 10:56:06, MOVE, v:1, k:sandbox@user_002, mode:EDIT
2026-04-28 11:23:20, MOVE, v:1, k:sandbox@user_002, mode:BACK
2026-04-28 11:25:51, MOVE, v:1, k:ed@lista_d1, mode:DOWN
2026-04-28 11:25:53, MOVE, v:1, k:ed@lista_d1, mode:PICK
2026-04-28 11:25:51, MOVE, v:1, k:ed@lista_d1, mode:EDIT
2026-04-28 11:25:51, MOVE, v:1, k:ed@lista_d1, mode:EDIT
2026-04-28 11:25:51, MOVE, v:1, k:ed@lista_d1, mode:EDIT
2026-04-28 11:25:51, MOVE, v:1, k:ed@lista_d1, mode:EDIT
2026-04-28 11:34:25, MOVE, v:1, k:ed@lista_d1, mode:EDIT
2026-04-28 11:34:25, MOVE, v:1, k:ed@lista_d1, mode:EDIT
2026-04-28 13:58:17, EXEC, v:1, k:ed@lista_d1, mode:FULL, rate:0, size:103
2026-04-28 13:57:47, MOVE, v:1, k:ed@lista_d1, mode:EDIT
2026-04-28 13:57:47, MOVE, v:1, k:ed@lista_d1, mode:EDIT
2026-04-28 14:05:59, EXEC, v:1, k:ed@lista_d1, mode:FULL, rate:0, size:140
2026-04-28 14:08:40, EXEC, v:1, k:ed@lista_d1, mode:FULL, size:152, fail:COMP
2026-04-28 14:08:43, EXEC, v:1, k:ed@lista_d1, mode:FULL, fail:COMP
2026-04-28 14:09:02, EXEC, v:1, k:ed@lista_d1, mode:FULL, rate:0, size:152
2026-04-28 14:09:27, MOVE, v:1, k:ed@lista_d1, mode:EDIT
2026-04-28 14:09:27, MOVE, v:1, k:ed@lista_d1, mode:EDIT
2026-04-28 14:09:29, EXEC, v:1, k:ed@lista_d1, mode:FULL, rate:14, size:152
2026-04-28 14:10:01, EXEC, v:1, k:ed@lista_d1, mode:FULL, rate:14, size:153
2026-04-28 14:11:23, EXEC, v:1, k:ed@lista_d1, mode:FULL, rate:14, size:156
2026-04-28 14:11:48, EXEC, v:1, k:ed@lista_d1, mode:FULL, rate:42, size:156
2026-04-28 14:11:46, MOVE, v:1, k:ed@lista_d1, mode:EDIT
2026-04-28 14:11:46, MOVE, v:1, k:ed@lista_d1, mode:EDIT
2026-04-28 14:23:00, MOVE, v:1, k:ed@lista_d1, mode:BACK
2026-04-28 14:23:03, MOVE, v:1, k:ed@setbuild, mode:PICK
2026-04-28 14:23:04, EXEC, v:1, k:ed@setbuild, mode:FULL, rate:100
2026-04-28 14:23:05, MOVE, v:1, k:ed@setbuild, mode:BACK
2026-04-28 14:23:06, MOVE, v:1, k:ed@bettersearch, mode:PICK
2026-04-28 14:23:06, EXEC, v:1, k:ed@bettersearch, mode:FULL, size:56, fail:COMP
2026-04-28 14:23:08, EXEC, v:1, k:ed@bettersearch, mode:FULL, fail:COMP
2026-04-28 14:23:08, MOVE, v:1, k:ed@bettersearch, mode:BACK
2026-04-28 14:23:12, MOVE, v:1, k:ed@lista_d1, mode:PICK
2026-04-28 14:23:13, EXEC, v:1, k:ed@lista_d1, mode:FULL, rate:42
2026-04-28 14:25:30, EXEC, v:1, k:ed@lista_d1, mode:FULL, rate:42, size:165
2026-04-28 14:25:39, EXEC, v:1, k:ed@lista_d1, mode:FULL, rate:57, size:165
2026-04-28 14:25:38, MOVE, v:1, k:ed@lista_d1, mode:EDIT
2026-04-28 14:25:38, MOVE, v:1, k:ed@lista_d1, mode:EDIT
2026-04-28 14:29:07, EXEC, v:1, k:ed@lista_d1, mode:FULL, rate:57
2026-04-28 14:29:17, EXEC, v:1, k:ed@lista_d1, mode:FULL, rate:57, size:171
2026-04-28 14:29:54, EXEC, v:1, k:ed@lista_d1, mode:FULL, rate:71, size:171
2026-04-28 14:31:09, EXEC, v:1, k:ed@lista_d1, mode:FULL, rate:71, size:174
2026-04-28 14:32:30, EXEC, v:1, k:ed@lista_d1, mode:FULL, rate:100, size:178
2026-04-28 14:32:33, MOVE, v:1, k:ed@lista_d1, mode:BACK
2026-04-28 14:32:39, SELF, v:1, k:ed@lista_d1, self:1, rate:100, study:30
2026-04-28 14:32:24, MOVE, v:1, k:ed@lista_d1, mode:EDIT
2026-04-28 14:32:24, MOVE, v:1, k:ed@lista_d1, mode:EDIT
2026-04-28 14:35:13, MOVE, v:1, k:ed@lista_d2, mode:DOWN
2026-04-28 14:35:14, MOVE, v:1, k:ed@lista_d2, mode:PICK
2026-04-28 14:35:13, MOVE, v:1, k:ed@lista_d2, mode:EDIT
2026-04-28 14:35:13, MOVE, v:1, k:ed@lista_d2, mode:EDIT
2026-04-28 14:35:13, MOVE, v:1, k:ed@lista_d2, mode:EDIT
2026-04-28 14:35:13, MOVE, v:1, k:ed@lista_d2, mode:EDIT
2026-04-28 14:42:01, MOVE, v:1, k:ed@lista_d2, mode:EDIT
2026-04-28 14:42:01, MOVE, v:1, k:ed@lista_d2, mode:EDIT
2026-04-28 14:41:42, MOVE, v:1, k:ed@lista_d1, mode:EDIT
2026-04-28 14:41:42, MOVE, v:1, k:ed@lista_d1, mode:EDIT
2026-04-28 14:44:00, MOVE, v:1, k:ed@lista_d1, mode:EDIT
2026-04-28 14:44:00, MOVE, v:1, k:ed@lista_d1, mode:EDIT
2026-04-28 14:46:58, MOVE, v:1, k:ed@lista_d2, mode:EDIT
2026-04-28 14:46:58, MOVE, v:1, k:ed@lista_d2, mode:EDIT
2026-04-28 14:49:43, EXEC, v:1, k:ed@lista_d2, mode:FULL, size:229, fail:COMP
2026-04-28 14:49:51, EXEC, v:1, k:ed@lista_d2, mode:FULL, rate:0, size:229
2026-04-28 14:51:50, EXEC, v:1, k:ed@lista_d2, mode:FULL, size:222, fail:COMP
2026-04-28 14:52:22, EXEC, v:1, k:ed@lista_d2, mode:FULL, fail:COMP
2026-04-28 14:52:43, EXEC, v:1, k:ed@lista_d2, mode:FULL, rate:20, size:222
2026-04-28 14:52:40, MOVE, v:1, k:ed@lista_d2, mode:EDIT
2026-04-28 14:52:40, MOVE, v:1, k:ed@lista_d2, mode:EDIT
2026-04-28 14:53:48, EXEC, v:1, k:ed@lista_d2, mode:FULL, rate:20, size:224
2026-04-28 14:53:46, MOVE, v:1, k:ed@lista_d2, mode:EDIT
2026-04-28 14:53:46, MOVE, v:1, k:ed@lista_d2, mode:EDIT
2026-04-28 15:02:00, MOVE, v:1, k:ed@lista_d2, mode:EDIT
2026-04-28 15:02:00, MOVE, v:1, k:ed@lista_d2, mode:EDIT
2026-04-28 15:07:06, EXEC, v:1, k:ed@lista_d2, mode:FULL, rate:40, size:234
2026-04-28 15:07:17, MOVE, v:1, k:ed@lista_d2, mode:BACK
2026-04-28 15:07:18, MOVE, v:1, k:ed@lista_d2, mode:PICK
2026-04-28 15:07:20, EXEC, v:1, k:ed@lista_d2, mode:FULL, rate:40
2026-04-28 15:07:23, MOVE, v:1, k:ed@lista_d2, mode:BACK
2026-04-28 15:07:23, MOVE, v:1, k:ed@lista_d2, mode:PICK
2026-04-28 15:07:24, EXEC, v:1, k:ed@lista_d2, mode:FULL, rate:40
2026-04-28 15:08:10, EXEC, v:1, k:ed@lista_d2, mode:FULL, rate:40, size:234
2026-04-28 15:08:09, MOVE, v:1, k:ed@lista_d2, mode:EDIT
2026-04-28 15:08:09, MOVE, v:1, k:ed@lista_d2, mode:EDIT
2026-04-28 15:16:35, EXEC, v:1, k:ed@lista_d2, mode:FULL, rate:40
2026-04-28 15:16:45, EXEC, v:1, k:ed@lista_d2, mode:FULL, rate:40, size:235
2026-04-28 15:16:44, MOVE, v:1, k:ed@lista_d2, mode:EDIT
2026-04-28 15:16:44, MOVE, v:1, k:ed@lista_d2, mode:EDIT
2026-04-28 15:17:54, EXEC, v:1, k:ed@lista_d2, mode:FULL, rate:40, size:235
2026-04-28 15:18:08, EXEC, v:1, k:ed@lista_d2, mode:FULL, rate:40, size:235
2026-04-28 15:18:07, MOVE, v:1, k:ed@lista_d2, mode:EDIT
2026-04-28 15:18:07, MOVE, v:1, k:ed@lista_d2, mode:EDIT
2026-04-28 16:00:43, EXEC, v:1, k:ed@lista_d2, mode:FULL, rate:40
2026-04-28 16:01:01, EXEC, v:1, k:ed@lista_d2, mode:FULL, rate:40, size:235
2026-04-28 16:01:05, EXEC, v:1, k:ed@lista_d2, mode:FULL, rate:60, size:234
2026-04-28 16:01:28, EXEC, v:1, k:ed@lista_d2, mode:FULL, rate:80, size:234
2026-04-28 16:01:40, EXEC, v:1, k:ed@lista_d2, mode:FULL, rate:100, size:234
2026-04-28 16:01:43, MOVE, v:1, k:ed@lista_d2, mode:BACK
2026-04-28 16:01:45, MOVE, v:1, k:ed@lista_d2, mode:PICK
2026-04-28 16:01:46, EXEC, v:1, k:ed@lista_d2, mode:FULL, rate:100
2026-04-28 16:01:52, MOVE, v:1, k:ed@lista_d2, mode:BACK
2026-04-28 16:01:59, SELF, v:1, k:ed@lista_d2, self:1, rate:100, study:25
2026-04-28 16:02:10, MOVE, v:1, k:ed@lista_d4, mode:DOWN
2026-04-28 16:02:13, MOVE, v:1, k:ed@lista_d4, mode:PICK
2026-04-28 16:02:45, MOVE, v:1, k:ed@lista_d4, mode:BACK
2026-04-28 16:02:47, MOVE, v:1, k:ed@lista_d4, mode:PICK
2026-04-28 16:01:38, MOVE, v:1, k:ed@lista_d2, mode:EDIT
2026-04-28 16:01:38, MOVE, v:1, k:ed@lista_d2, mode:EDIT
2026-04-28 16:02:10, MOVE, v:1, k:ed@lista_d4, mode:EDIT
2026-04-28 16:02:10, MOVE, v:1, k:ed@lista_d4, mode:EDIT
2026-04-28 16:02:10, MOVE, v:1, k:ed@lista_d4, mode:EDIT
2026-04-28 16:02:10, MOVE, v:1, k:ed@lista_d4, mode:EDIT
2026-04-28 16:15:34, MOVE, v:1, k:ed@lista_d4, mode:EDIT
2026-04-28 16:15:34, MOVE, v:1, k:ed@lista_d4, mode:EDIT
2026-04-28 16:15:41, EXEC, v:1, k:src@go, mode:FREE, size:124
2026-04-28 16:16:14, EXEC, v:1, k:src@go, mode:FREE, size:125
2026-04-28 16:16:11, MOVE, v:1, k:ed@lista_d4, mode:EDIT
2026-04-28 16:16:11, MOVE, v:1, k:ed@lista_d4, mode:EDIT
2026-04-28 16:30:43, EXEC, v:1, k:src@go, mode:FREE
2026-04-28 16:31:54, EXEC, v:1, k:src@go, mode:FREE, size:129
2026-04-28 16:34:11, MOVE, v:1, k:ed@lista_d4, mode:PICK
2026-04-28 16:34:12, EXEC, v:1, k:ed@lista_d4, mode:FULL, rate:0, size:129
2026-04-28 16:35:46, EXEC, v:1, k:src@go, mode:FREE, size:129
2026-04-28 16:36:23, MOVE, v:1, k:ed@lista_d4, mode:EDIT
2026-04-28 16:36:23, MOVE, v:1, k:ed@lista_d4, mode:EDIT
