2026-04-25 14:48:50, MOVE, v:1, k:ed@setbuild, mode:DOWN
2026-04-25 14:48:57, MOVE, v:1, k:ed@setbuild, mode:PICK
2026-04-25 14:48:50, MOVE, v:1, k:ed@setbuild, mode:EDIT
2026-04-25 14:48:50, MOVE, v:1, k:ed@setbuild, mode:EDIT
2026-04-25 14:48:50, MOVE, v:1, k:ed@setbuild, mode:EDIT
2026-04-25 14:48:50, MOVE, v:1, k:ed@setbuild, mode:EDIT
2026-04-25 15:01:38, MOVE, v:1, k:ed@vetbuild, mode:EDIT
2026-04-25 15:01:38, MOVE, v:1, k:ed@vetbuild, mode:EDIT
2026-04-25 15:08:35, MOVE, v:1, k:ed@setbuild, mode:BACK
2026-04-25 15:09:16, MOVE, v:1, k:ed@queimada, mode:PICK
2026-04-25 15:10:33, MOVE, v:1, k:ed@queimada, mode:BACK
2026-04-25 15:10:42, MOVE, v:1, k:ed@labirinto, mode:PICK
2026-04-25 15:10:58, MOVE, v:1, k:ed@labirinto, mode:BACK
2026-04-25 17:48:11, MOVE, v:1, k:ed@setbuild, mode:EDIT
2026-04-25 17:48:11, MOVE, v:1, k:ed@setbuild, mode:EDIT
2026-04-25 17:49:32, MOVE, v:1, k:ed@setbuild, mode:PICK
2026-04-25 17:49:32, EXEC, v:1, k:ed@setbuild, mode:FULL, rate:0, size:63
2026-04-25 17:52:07, EXEC, v:1, k:ed@setbuild, mode:FULL, rate:0, size:75
2026-04-25 17:52:14, EXEC, v:1, k:ed@setbuild, mode:FULL, rate:0, size:75
2026-04-25 17:52:13, MOVE, v:1, k:ed@setbuild, mode:EDIT
2026-04-25 17:52:13, MOVE, v:1, k:ed@setbuild, mode:EDIT
2026-04-25 17:54:07, MOVE, v:1, k:ed@setbuild, mode:EDIT
2026-04-25 17:54:07, MOVE, v:1, k:ed@setbuild, mode:EDIT
2026-04-25 18:00:42, MOVE, v:1, k:ed@setbuild, mode:EDIT
2026-04-25 18:00:42, MOVE, v:1, k:ed@setbuild, mode:EDIT
2026-04-25 18:05:23, EXEC, v:1, k:ed@setbuild, mode:FULL, rate:0, size:82
2026-04-25 18:05:43, EXEC, v:1, k:ed@setbuild, mode:FULL, rate:0, size:98
2026-04-25 18:06:25, EXEC, v:1, k:ed@setbuild, mode:FULL, rate:0, size:100
2026-04-25 18:06:37, EXEC, v:1, k:ed@setbuild, mode:FULL, rate:0, size:99
2026-04-25 18:07:09, EXEC, v:1, k:ed@setbuild, mode:FULL, rate:0, size:97
2026-04-25 18:07:13, EXEC, v:1, k:ed@setbuild, mode:FULL, rate:0
2026-04-25 18:07:11, MOVE, v:1, k:ed@setbuild, mode:EDIT
2026-04-25 18:07:11, MOVE, v:1, k:ed@setbuild, mode:EDIT
2026-04-25 18:08:30, EXEC, v:1, k:ed@setbuild, mode:FULL, rate:0, size:99
2026-04-25 18:12:09, EXEC, v:1, k:ed@setbuild, mode:FULL, rate:0, size:112
2026-04-25 18:12:52, MOVE, v:1, k:ed@setbuild, mode:EDIT
2026-04-25 18:12:52, MOVE, v:1, k:ed@setbuild, mode:EDIT
2026-04-25 18:18:05, MOVE, v:1, k:ed@setbuild, mode:EDIT
2026-04-25 18:18:05, MOVE, v:1, k:ed@setbuild, mode:EDIT
2026-04-25 18:22:30, EXEC, v:1, k:ed@setbuild, mode:FULL, rate:0, size:118
2026-04-25 18:22:19, MOVE, v:1, k:ed@setbuild, mode:EDIT
2026-04-25 18:22:19, MOVE, v:1, k:ed@setbuild, mode:EDIT
2026-04-25 18:27:44, MOVE, v:1, k:ed@setbuild, mode:EDIT
2026-04-25 18:27:44, MOVE, v:1, k:ed@setbuild, mode:EDIT
2026-04-25 18:33:01, MOVE, v:1, k:ed@setbuild, mode:EDIT
2026-04-25 18:33:01, MOVE, v:1, k:ed@setbuild, mode:EDIT
2026-04-25 18:34:17, EXEC, v:1, k:ed@setbuild, mode:FULL, rate:0, size:119
2026-04-25 18:34:48, EXEC, v:1, k:ed@setbuild, mode:FULL, rate:0, size:118
2026-04-25 18:35:47, EXEC, v:1, k:ed@setbuild, mode:FULL, rate:0, size:119
2026-04-25 18:37:11, EXEC, v:1, k:ed@setbuild, mode:FULL, rate:0, size:119
2026-04-25 18:37:58, EXEC, v:1, k:ed@setbuild, mode:FULL, rate:0, size:119
2026-04-25 18:37:57, MOVE, v:1, k:ed@setbuild, mode:EDIT
2026-04-25 18:37:57, MOVE, v:1, k:ed@setbuild, mode:EDIT
2026-04-25 18:45:39, EXEC, v:1, k:ed@setbuild, mode:FULL, rate:0, size:120
2026-04-25 18:46:18, EXEC, v:1, k:ed@setbuild, mode:FULL, rate:0, size:120
2026-04-25 18:46:38, EXEC, v:1, k:ed@setbuild, mode:FULL, rate:0, size:120
2026-04-25 18:47:05, EXEC, v:1, k:ed@setbuild, mode:FULL, rate:0, size:120
2026-04-25 18:47:20, EXEC, v:1, k:ed@setbuild, mode:FULL, rate:0, size:120
2026-04-25 18:47:38, EXEC, v:1, k:ed@setbuild, mode:FULL, rate:0, size:120
2026-04-25 18:47:50, EXEC, v:1, k:ed@setbuild, mode:FULL, rate:0, size:118
2026-04-25 18:48:14, MOVE, v:1, k:ed@setbuild, mode:EDIT
2026-04-25 18:48:14, MOVE, v:1, k:ed@setbuild, mode:EDIT
2026-04-25 18:48:41, EXEC, v:1, k:ed@setbuild, mode:FULL, rate:33, size:121
2026-04-25 18:48:39, MOVE, v:1, k:ed@setbuild, mode:EDIT
2026-04-25 18:48:39, MOVE, v:1, k:ed@setbuild, mode:EDIT
2026-04-25 19:11:15, EXEC, v:1, k:ed@setbuild, mode:FULL, rate:66, size:129
2026-04-25 19:11:12, MOVE, v:1, k:ed@setbuild, mode:EDIT
2026-04-25 19:11:12, MOVE, v:1, k:ed@setbuild, mode:EDIT
2026-04-25 19:15:56, EXEC, v:1, k:ed@setbuild, mode:FULL, size:134, fail:COMP
2026-04-25 19:16:04, EXEC, v:1, k:ed@setbuild, mode:FULL, fail:COMP
2026-04-25 19:16:05, EXEC, v:1, k:ed@setbuild, mode:FULL, fail:COMP
2026-04-25 19:16:05, EXEC, v:1, k:ed@setbuild, mode:FULL, fail:COMP
2026-04-25 19:16:05, EXEC, v:1, k:ed@setbuild, mode:FULL, fail:COMP
2026-04-25 19:16:21, EXEC, v:1, k:ed@setbuild, mode:FULL, size:134, fail:COMP
2026-04-25 19:16:26, EXEC, v:1, k:ed@setbuild, mode:FULL, size:134, fail:COMP
2026-04-25 19:16:27, EXEC, v:1, k:ed@setbuild, mode:FULL, fail:COMP
2026-04-25 19:16:59, EXEC, v:1, k:ed@setbuild, mode:FULL, rate:0, size:135
2026-04-25 19:17:16, EXEC, v:1, k:ed@setbuild, mode:FULL, rate:66, size:135
2026-04-25 19:17:14, MOVE, v:1, k:ed@setbuild, mode:EDIT
2026-04-25 19:17:14, MOVE, v:1, k:ed@setbuild, mode:EDIT
2026-04-25 19:27:54, EXEC, v:1, k:ed@setbuild, mode:FULL, rate:33, size:151
2026-04-25 19:27:48, MOVE, v:1, k:ed@setbuild, mode:EDIT
2026-04-25 19:27:48, MOVE, v:1, k:ed@setbuild, mode:EDIT
2026-04-25 19:29:21, EXEC, v:1, k:ed@setbuild, mode:FULL, rate:33, size:151
2026-04-25 19:30:11, EXEC, v:1, k:ed@setbuild, mode:FULL, rate:33
2026-04-25 19:33:10, MOVE, v:1, k:ed@setbuild, mode:EDIT
2026-04-25 19:33:10, MOVE, v:1, k:ed@setbuild, mode:EDIT
2026-04-25 19:34:37, EXEC, v:1, k:ed@setbuild, mode:FULL, rate:33, size:155
2026-04-25 19:38:07, EXEC, v:1, k:ed@setbuild, mode:FULL, rate:66, size:155
2026-04-25 19:37:47, MOVE, v:1, k:ed@setbuild, mode:EDIT
2026-04-25 19:37:47, MOVE, v:1, k:ed@setbuild, mode:EDIT
2026-04-25 19:42:01, EXEC, v:1, k:ed@setbuild, mode:FULL, rate:66, size:164
2026-04-25 19:42:38, EXEC, v:1, k:ed@setbuild, mode:FULL, rate:66
2026-04-25 19:42:46, EXEC, v:1, k:ed@setbuild, mode:FULL, rate:66, size:165
2026-04-25 19:42:44, MOVE, v:1, k:ed@setbuild, mode:EDIT
2026-04-25 19:42:44, MOVE, v:1, k:ed@setbuild, mode:EDIT
2026-04-25 19:46:23, EXEC, v:1, k:ed@setbuild, mode:FULL, rate:66, size:166
2026-04-25 19:45:41, MOVE, v:1, k:ed@setbuild, mode:EDIT
2026-04-25 19:45:41, MOVE, v:1, k:ed@setbuild, mode:EDIT
2026-04-25 19:51:41, EXEC, v:1, k:ed@setbuild, mode:FULL, rate:66, size:167
2026-04-25 19:51:54, EXEC, v:1, k:ed@setbuild, mode:FULL, rate:66, size:166
2026-04-25 19:51:53, MOVE, v:1, k:ed@setbuild, mode:EDIT
2026-04-25 19:51:53, MOVE, v:1, k:ed@setbuild, mode:EDIT
2026-04-25 19:57:15, EXEC, v:1, k:ed@setbuild, mode:FULL, rate:33, size:171
2026-04-25 19:57:14, MOVE, v:1, k:ed@setbuild, mode:EDIT
2026-04-25 19:57:14, MOVE, v:1, k:ed@setbuild, mode:EDIT
2026-04-25 19:58:38, EXEC, v:1, k:ed@setbuild, mode:FULL, rate:66, size:171
2026-04-25 20:00:39, EXEC, v:1, k:ed@setbuild, mode:FULL, rate:100, size:174
2026-04-25 20:01:53, MOVE, v:1, k:ed@setbuild, mode:BACK
