2026-04-29 08:12:48, MOVE, v:1, k:ed@lista_d4, mode:PICK
2026-04-29 08:12:49, EXEC, v:1, k:ed@lista_d4, mode:FULL, rate:0, size:130
2026-04-29 08:13:16, MOVE, v:1, k:ed@lista_d4, mode:BACK
2026-04-29 08:13:53, MOVE, v:1, k:ed@lista_d1, mode:PICK
2026-04-29 08:13:56, EXEC, v:1, k:ed@lista_d1, mode:FULL, rate:100
2026-04-29 08:21:43, MOVE, v:1, k:ed@lista_d1, mode:BACK
2026-04-29 08:21:23, MOVE, v:1, k:ed@lista_d1, mode:EDIT
2026-04-29 08:21:23, MOVE, v:1, k:ed@lista_d1, mode:EDIT
2026-04-29 08:27:34, MOVE, v:1, k:ed@lista_d4, mode:EDIT
2026-04-29 08:27:34, MOVE, v:1, k:ed@lista_d4, mode:EDIT
2026-04-29 10:08:56, MOVE, v:1, k:ed@lista_d4, mode:PICK
2026-04-29 10:10:31, MOVE, v:1, k:ed@lista_d4, mode:BACK
2026-04-29 10:20:20, MOVE, v:1, k:ed@lista_d4, mode:PICK
2026-04-29 10:20:22, EXEC, v:1, k:ed@lista_d4, mode:FULL, rate:0, size:129
2026-04-29 10:20:25, MOVE, v:1, k:ed@lista_d4, mode:BACK
2026-04-29 10:20:30, MOVE, v:1, k:ed@lista_d4, mode:PICK
2026-04-29 10:20:32, EXEC, v:1, k:ed@lista_d4, mode:FULL, rate:0
2026-04-29 10:22:37, EXEC, v:1, k:ed@lista_d4, mode:FULL, size:129, fail:COMP
2026-04-29 10:22:39, EXEC, v:1, k:ed@lista_d4, mode:FULL, fail:COMP
2026-04-29 10:22:35, MOVE, v:1, k:ed@lista_d4, mode:EDIT
2026-04-29 10:22:35, MOVE, v:1, k:ed@lista_d4, mode:EDIT
2026-04-29 10:27:45, EXEC, v:1, k:ed@lista_d4, mode:FULL, fail:COMP
2026-04-29 10:27:48, EXEC, v:1, k:ed@lista_d4, mode:FULL, fail:COMP
2026-04-29 10:28:01, EXEC, v:1, k:ed@lista_d4, mode:FULL, rate:0, size:139
2026-04-29 10:28:13, EXEC, v:1, k:ed@lista_d4, mode:FULL, rate:0
2026-04-29 10:28:25, EXEC, v:1, k:ed@lista_d4, mode:FREE
2026-04-29 10:28:38, EXEC, v:1, k:ed@lista_d4, mode:FREE
2026-04-29 10:27:58, MOVE, v:1, k:ed@lista_d4, mode:EDIT
2026-04-29 10:27:58, MOVE, v:1, k:ed@lista_d4, mode:EDIT
2026-04-29 10:29:31, EXEC, v:1, k:ed@lista_d4, mode:FULL, rate:0
2026-04-29 10:29:38, EXEC, v:1, k:ed@lista_d4, mode:FREE
2026-04-29 10:46:06, MOVE, v:1, k:ed@lista_d4, mode:BACK
2026-04-29 11:05:11, MOVE, v:1, k:ed@lista_d4, mode:DOWN
2026-04-29 11:05:20, MOVE, v:1, k:ed@lista_d2, mode:PICK
2026-04-29 11:05:22, MOVE, v:1, k:ed@lista_d2, mode:BACK
2026-04-29 11:11:45, MOVE, v:1, k:ed@lista_d2, mode:EDIT
2026-04-29 11:11:45, MOVE, v:1, k:ed@lista_d2, mode:EDIT
2026-04-29 11:16:05, MOVE, v:1, k:ed@lista_d2, mode:EDIT
2026-04-29 11:16:05, MOVE, v:1, k:ed@lista_d2, mode:EDIT
2026-04-29 11:25:15, MOVE, v:1, k:ed@lista_d4, mode:DOWN
2026-04-29 11:25:16, MOVE, v:1, k:ed@lista_d4, mode:PICK
2026-04-29 11:25:48, MOVE, v:1, k:ed@lista_d4, mode:BACK
2026-04-29 11:25:49, MOVE, v:1, k:ed@lista_d1, mode:PICK
2026-04-29 11:25:50, MOVE, v:1, k:ed@lista_d1, mode:BACK
2026-04-29 11:25:51, MOVE, v:1, k:ed@lista_d2, mode:PICK
2026-04-29 11:25:51, EXEC, v:1, k:ed@lista_d2, mode:FULL, rate:100, size:235
2026-04-29 11:25:59, MOVE, v:1, k:ed@lista_d2, mode:BACK
2026-04-29 11:26:00, MOVE, v:1, k:ed@lista_d2, mode:PICK
2026-04-29 11:26:01, EXEC, v:1, k:ed@lista_d2, mode:FULL, rate:100
2026-04-29 11:26:02, MOVE, v:1, k:ed@lista_d2, mode:BACK
2026-04-29 15:02:07, MOVE, v:1, k:ed@lista_d4, mode:PICK
2026-04-29 15:03:30, EXEC, v:1, k:ed@lista_d4, mode:FULL, size:129, fail:COMP
2026-04-29 15:03:55, EXEC, v:1, k:ed@lista_d4, mode:FULL, rate:0, size:131
2026-04-29 15:05:37, MOVE, v:1, k:ed@lista_d4, mode:EDIT
2026-04-29 15:05:37, MOVE, v:1, k:ed@lista_d4, mode:EDIT
2026-04-29 15:09:25, EXEC, v:1, k:ed@lista_d4, mode:FULL, rate:66, size:138
2026-04-29 15:11:04, EXEC, v:1, k:ed@lista_d4, mode:FULL, rate:100, size:145
2026-04-29 15:11:31, MOVE, v:1, k:ed@lista_d4, mode:BACK
2026-04-29 15:11:38, MOVE, v:1, k:ed@lista_d4, mode:PICK
2026-04-29 15:11:38, MOVE, v:1, k:ed@lista_d4, mode:BACK
2026-04-29 15:11:02, MOVE, v:1, k:ed@lista_d4, mode:EDIT
2026-04-29 15:11:02, MOVE, v:1, k:ed@lista_d4, mode:EDIT
2026-04-29 15:11:55, SELF, v:1, k:ed@lista_d4, self:1, rate:100, study:40
2026-04-29 15:12:07, MOVE, v:1, k:ed@lista_d2, mode:PICK
2026-04-29 15:12:08, MOVE, v:1, k:ed@lista_d2, mode:BACK
2026-04-29 15:12:13, MOVE, v:1, k:ed@lista_d2, mode:PICK
2026-04-29 15:12:14, MOVE, v:1, k:ed@lista_d2, mode:BACK
2026-04-29 15:12:28, SELF, v:1, k:ed@lista_d2, self:1, rate:100, study:60
2026-04-29 15:12:29, MOVE, v:1, k:ed@lista_d1, mode:PICK
2026-04-29 15:12:30, MOVE, v:1, k:ed@lista_d1, mode:BACK
2026-04-29 15:12:46, SELF, v:1, k:ed@lista_d1, self:1, rate:100, study:51
2026-04-29 15:13:08, SELF, v:1, k:ed@vetbuild, self:1, rate:100, study:180
2026-04-29 15:13:11, SELF, v:1, k:ed@vetbuild, self:1, rate:100, study:180
2026-04-29 15:13:12, MOVE, v:1, k:ed@setbuild, mode:PICK
2026-04-29 15:13:13, MOVE, v:1, k:ed@setbuild, mode:BACK
