2026-06-08 07:55:00, MOVE, v:1, k:ed@fila_enc, mode:DOWN
2026-06-08 07:56:02, MOVE, v:1, k:ed@fila_enc, mode:PICK
2026-06-08 08:00:58, MOVE, v:1, k:ed@fila_enc, mode:EDIT
2026-06-08 08:00:58, MOVE, v:1, k:ed@fila_enc, mode:EDIT
2026-06-08 08:04:46, MOVE, v:1, k:ed@fila_enc, mode:EDIT
2026-06-08 08:04:46, MOVE, v:1, k:ed@fila_enc, mode:EDIT
2026-06-08 08:08:19, MOVE, v:1, k:ed@fila_enc, mode:EDIT
2026-06-08 08:08:19, MOVE, v:1, k:ed@fila_enc, mode:EDIT
2026-06-08 08:15:52, MOVE, v:1, k:ed@fila_enc, mode:EDIT
2026-06-08 08:15:52, MOVE, v:1, k:ed@fila_enc, mode:EDIT
2026-06-08 08:16:04, MOVE, v:1, k:ed@fila_enc, mode:EDIT
2026-06-08 08:16:04, MOVE, v:1, k:ed@fila_enc, mode:EDIT
2026-06-08 08:25:18, MOVE, v:1, k:ed@fila_enc, mode:EDIT
2026-06-08 08:25:18, MOVE, v:1, k:ed@fila_enc, mode:EDIT
2026-06-08 08:29:47, MOVE, v:1, k:ed@fila_enc, mode:EDIT
2026-06-08 08:29:47, MOVE, v:1, k:ed@fila_enc, mode:EDIT
2026-06-08 08:39:15, EXEC, v:1, k:ed@fila_enc, mode:FULL, rate:0, size:117
2026-06-08 08:40:24, EXEC, v:1, k:ed@fila_enc, mode:FULL, rate:0
2026-06-08 08:40:31, EXEC, v:1, k:ed@fila_enc, mode:FREE
2026-06-08 08:41:00, MOVE, v:1, k:ed@fila_enc, mode:BACK
2026-06-08 08:40:51, MOVE, v:1, k:ed@fila_enc, mode:EDIT
2026-06-08 08:40:51, MOVE, v:1, k:ed@fila_enc, mode:EDIT
2026-06-08 08:41:01, MOVE, v:1, k:ed@fila_enc, mode:PICK
2026-06-08 08:41:03, EXEC, v:1, k:ed@fila_enc, mode:FREE, size:116
2026-06-08 08:45:50, EXEC, v:1, k:ed@fila_enc, mode:FREE, size:121
2026-06-08 08:45:38, MOVE, v:1, k:ed@fila_enc, mode:EDIT
2026-06-08 08:45:38, MOVE, v:1, k:ed@fila_enc, mode:EDIT
2026-06-08 09:27:55, MOVE, v:1, k:ed@fila_enc, mode:EDIT
2026-06-08 09:27:55, MOVE, v:1, k:ed@fila_enc, mode:EDIT
2026-06-08 10:40:07, MOVE, v:1, k:ed@fila_enc, mode:PICK
2026-06-08 10:40:08, EXEC, v:1, k:ed@fila_enc, mode:FULL, rate:0, size:118
2026-06-08 10:41:07, EXEC, v:1, k:ed@fila_enc, mode:FULL, rate:0, size:121
2026-06-08 10:41:26, EXEC, v:1, k:ed@fila_enc, mode:FULL, rate:33, size:121
2026-06-08 10:42:47, MOVE, v:1, k:ed@fila_enc, mode:EDIT
2026-06-08 10:42:47, MOVE, v:1, k:ed@fila_enc, mode:EDIT
2026-06-08 10:44:04, EXEC, v:1, k:ed@fila_enc, mode:FULL, rate:33, size:121
2026-06-08 10:44:24, EXEC, v:1, k:ed@fila_enc, mode:FREE
2026-06-08 10:45:29, MOVE, v:1, k:ed@fila_enc, mode:BACK
2026-06-08 10:45:30, MOVE, v:1, k:ed@fila_enc, mode:PICK
2026-06-08 10:45:31, EXEC, v:1, k:ed@fila_enc, mode:FULL, rate:33, size:121
2026-06-08 10:45:35, EXEC, v:1, k:ed@fila_enc, mode:FREE
2026-06-08 10:46:26, EXEC, v:1, k:ed@fila_enc, mode:FULL, rate:66, size:121
2026-06-08 10:46:32, EXEC, v:1, k:ed@fila_enc, mode:FREE
2026-06-08 10:46:43, MOVE, v:1, k:ed@fila_enc, mode:BACK
2026-06-08 10:46:44, MOVE, v:1, k:ed@fila_enc, mode:PICK
2026-06-08 10:46:44, EXEC, v:1, k:ed@fila_enc, mode:FULL, rate:66
2026-06-08 10:46:46, MOVE, v:1, k:ed@fila_enc, mode:BACK
2026-06-08 10:46:47, MOVE, v:1, k:ed@fila_enc, mode:PICK
2026-06-08 10:47:00, EXEC, v:1, k:ed@fila_enc, mode:FULL, rate:66
2026-06-08 10:47:13, EXEC, v:1, k:ed@fila_enc, mode:FREE
2026-06-08 10:46:20, MOVE, v:1, k:ed@fila_enc, mode:EDIT
2026-06-08 10:46:20, MOVE, v:1, k:ed@fila_enc, mode:EDIT
2026-06-08 10:52:23, EXEC, v:1, k:ed@fila_enc, mode:FULL, rate:66, size:123
2026-06-08 10:52:27, EXEC, v:1, k:ed@fila_enc, mode:FREE
2026-06-08 10:53:30, MOVE, v:1, k:ed@fila_enc, mode:EDIT
2026-06-08 10:53:30, MOVE, v:1, k:ed@fila_enc, mode:EDIT
2026-06-08 10:56:54, MOVE, v:1, k:ed@fila_enc, mode:EDIT
2026-06-08 10:56:54, MOVE, v:1, k:ed@fila_enc, mode:EDIT
2026-06-08 11:01:14, EXEC, v:1, k:ed@fila_enc, mode:FULL, rate:33, size:120
2026-06-08 11:01:18, EXEC, v:1, k:ed@fila_enc, mode:FREE
2026-06-08 11:01:11, MOVE, v:1, k:ed@fila_enc, mode:EDIT
2026-06-08 11:01:11, MOVE, v:1, k:ed@fila_enc, mode:EDIT
2026-06-08 11:13:20, MOVE, v:1, k:ed@fila_enc, mode:EDIT
2026-06-08 11:13:20, MOVE, v:1, k:ed@fila_enc, mode:EDIT
