2026-05-26 07:46:26, MOVE, v:1, k:ed@cercado, mode:PICK
2026-05-26 07:46:33, EXEC, v:1, k:ed@cercado, mode:FULL, rate:0, size:116
2026-05-26 08:09:00, MOVE, v:1, k:ed@cercado, mode:BACK
2026-05-26 10:13:15, MOVE, v:1, k:ed@cercado, mode:PICK
2026-05-26 10:13:16, EXEC, v:1, k:ed@cercado, mode:FULL, rate:0, size:119
2026-05-26 10:15:01, MOVE, v:1, k:ed@cercado, mode:BACK
2026-05-26 10:15:02, MOVE, v:1, k:ed@cercado, mode:PICK
2026-05-26 10:15:02, MOVE, v:1, k:ed@cercado, mode:BACK
2026-05-26 10:15:03, MOVE, v:1, k:ed@cercado, mode:PICK
2026-05-26 10:15:04, MOVE, v:1, k:ed@cercado, mode:BACK
2026-05-26 10:20:08, MOVE, v:1, k:sandbox@user_004, mode:PICK
2026-05-26 10:20:22, MOVE, v:1, k:sandbox@user_004, mode:BACK
2026-05-26 10:41:00, MOVE, v:1, k:ed@bufferring, mode:DOWN
2026-05-26 10:41:00, MOVE, v:1, k:sandbox@user_004, mode:PICK
2026-05-26 10:41:41, MOVE, v:1, k:sandbox@user_004, mode:BACK
2026-05-26 10:41:42, MOVE, v:1, k:sandbox@user_004, mode:PICK
2026-05-26 10:41:00, MOVE, v:1, k:ed@bufferring, mode:EDIT
2026-05-26 10:41:00, MOVE, v:1, k:ed@bufferring, mode:EDIT
2026-05-26 10:41:00, MOVE, v:1, k:ed@bufferring, mode:EDIT
2026-05-26 10:41:00, MOVE, v:1, k:ed@bufferring, mode:EDIT
2026-05-26 10:48:48, EXEC, v:1, k:ed@bufferring, mode:FREE
2026-05-26 10:50:27, MOVE, v:1, k:sandbox@user_004, mode:BACK
2026-05-26 10:48:42, MOVE, v:1, k:ed@bufferring, mode:EDIT
2026-05-26 10:48:42, MOVE, v:1, k:ed@bufferring, mode:EDIT
2026-05-26 17:30:53, MOVE, v:1, k:ed@cercado, mode:PICK
2026-05-26 17:31:23, MOVE, v:1, k:ed@cercado, mode:BACK
2026-05-26 17:31:29, MOVE, v:1, k:ed@cercado, mode:DOWN
2026-05-26 17:31:29, MOVE, v:1, k:ed@cercado, mode:EDIT
2026-05-26 17:31:29, MOVE, v:1, k:ed@cercado, mode:EDIT
2026-05-26 17:31:29, MOVE, v:1, k:ed@cercado, mode:EDIT
2026-05-26 17:58:36, MOVE, v:1, k:ed@cercado, mode:EDIT
2026-05-26 17:58:36, MOVE, v:1, k:ed@cercado, mode:EDIT
2026-05-26 18:04:33, MOVE, v:1, k:ed@cercado, mode:EDIT
2026-05-26 18:04:33, MOVE, v:1, k:ed@cercado, mode:EDIT
2026-05-26 18:09:28, MOVE, v:1, k:ed@cercado, mode:EDIT
2026-05-26 18:09:28, MOVE, v:1, k:ed@cercado, mode:EDIT
2026-05-26 18:15:32, MOVE, v:1, k:ed@cercado, mode:EDIT
2026-05-26 18:15:32, MOVE, v:1, k:ed@cercado, mode:EDIT
2026-05-26 18:20:18, MOVE, v:1, k:ed@cercado, mode:EDIT
2026-05-26 18:20:18, MOVE, v:1, k:ed@cercado, mode:EDIT
2026-05-26 18:24:58, MOVE, v:1, k:ed@cercado, mode:EDIT
2026-05-26 18:24:58, MOVE, v:1, k:ed@cercado, mode:EDIT
2026-05-26 18:26:39, MOVE, v:1, k:ed@cercado, mode:EDIT
2026-05-26 18:26:39, MOVE, v:1, k:ed@cercado, mode:EDIT
2026-05-26 19:00:28, MOVE, v:1, k:ed@cercado, mode:EDIT
2026-05-26 19:00:28, MOVE, v:1, k:ed@cercado, mode:EDIT
2026-05-26 19:02:27, MOVE, v:1, k:ed@cercado, mode:PICK
2026-05-26 19:02:28, EXEC, v:1, k:ed@cercado, mode:FULL, rate:100, size:99
2026-05-26 19:02:31, MOVE, v:1, k:ed@cercado, mode:BACK
2026-05-26 19:02:34, MOVE, v:1, k:ed@cercado, mode:PICK
2026-05-26 19:02:35, EXEC, v:1, k:ed@cercado, mode:FULL, rate:100
2026-05-26 19:02:53, MOVE, v:1, k:ed@cercado, mode:PICK
2026-05-26 19:02:53, EXEC, v:1, k:ed@cercado, mode:FULL, rate:100
2026-05-26 19:05:04, MOVE, v:1, k:ed@cercado, mode:BACK
2026-05-26 19:05:33, MOVE, v:1, k:ed@cercado, mode:EDIT
2026-05-26 19:05:33, MOVE, v:1, k:ed@cercado, mode:EDIT
2026-05-26 19:06:18, MOVE, v:1, k:ed@cercado, mode:EDIT
2026-05-26 19:06:18, MOVE, v:1, k:ed@cercado, mode:EDIT
2026-05-26 19:14:43, MOVE, v:1, k:ed@cercado, mode:EDIT
2026-05-26 19:14:43, MOVE, v:1, k:ed@cercado, mode:EDIT
2026-05-26 19:19:36, MOVE, v:1, k:ed@cercado, mode:EDIT
2026-05-26 19:19:36, MOVE, v:1, k:ed@cercado, mode:EDIT
2026-05-26 19:40:28, MOVE, v:1, k:ed@cercado, mode:EDIT
2026-05-26 19:40:28, MOVE, v:1, k:ed@cercado, mode:EDIT
2026-05-26 19:44:23, MOVE, v:1, k:ed@cercado, mode:EDIT
2026-05-26 19:44:23, MOVE, v:1, k:ed@cercado, mode:EDIT
2026-05-26 21:29:07, MOVE, v:1, k:ed@cercado, mode:EDIT
2026-05-26 21:29:07, MOVE, v:1, k:ed@cercado, mode:EDIT
